{
  "adapter_policy": {
    "flags": "integer add/mul accept only the adapter's enumerated flags; other flags are rejected",
    "metadata": "trailing LLVM metadata attachments are removed before operand comparison",
    "poison_undef": "explicit poison and undef operands are rejected",
    "unsupported": "memory, calls, terminators, PHI/EH, floating point, vectors, and target-specific semantics are outside the certified language"
  },
  "attempts": 396,
  "claim_boundary": "Read-only textual opportunity projection; not an LLVM semantic refinement, transformation certificate, or post-optimization persistence result.",
  "clang_binary_sha256": "aa7389d9766be7e61df76cf094ac4f1861fd067e12908d1e9fd5cd7eb2a078f4",
  "clang_version": "clang version 17.0.0 (https://github.com/swiftlang/llvm-project.git 10999b6d034fe318f3d56c83bddb6572593a8bb0)",
  "go_version": "go version go1.23.2 linux/amd64",
  "mode": "tidemark-mode-4",
  "raw_rows": "data/raw/mode4/llvm-projection.csv",
  "readable_failure_diagnostics": true,
  "schema": "llvm-opportunity-projection-mode4",
  "snapshot_root": "external/go-source-snapshot/src",
  "snapshot_source_bytes": 195441,
  "snapshot_source_files": 132,
  "snapshot_source_tree_sha256": "d00831e3de5042e56a05d232a6fb596a9db8dea7dc0664a36e877e9db14afc7e",
  "stages": {
    "O0": {
      "adjacent_only_payload_bits": 2,
      "adjacent_sites": 14,
      "failed_modules": 54,
      "identity_only_payload_bits": 0,
      "identity_sites": 2,
      "instructions": 3592,
      "operand_only_payload_bits": 31,
      "operand_sites": 78,
      "payload_bits": 40,
      "selected_sites": 92,
      "successful_modules": 78,
      "timeouts": 0
    },
    "O1": {
      "adjacent_only_payload_bits": 18,
      "adjacent_sites": 47,
      "failed_modules": 54,
      "identity_only_payload_bits": 0,
      "identity_sites": 0,
      "instructions": 2342,
      "operand_only_payload_bits": 61,
      "operand_sites": 125,
      "payload_bits": 89,
      "selected_sites": 159,
      "successful_modules": 78,
      "timeouts": 0
    },
    "O2": {
      "adjacent_only_payload_bits": 22,
      "adjacent_sites": 51,
      "failed_modules": 54,
      "identity_only_payload_bits": 0,
      "identity_sites": 0,
      "instructions": 2428,
      "operand_only_payload_bits": 67,
      "operand_sites": 134,
      "payload_bits": 99,
      "selected_sites": 172,
      "successful_modules": 78,
      "timeouts": 0
    }
  }
}
